// Jest Snapshot v1, https://goo.gl/fbAQLP

exports[`FileInfo.vue matches snapshot 1`] = `
<div class="fileInfo">
  <p>剩余下载时间：</p>
  <p>剩余下载次数：</p>
  <p>上传时间：</p>
</div>
`;
